// Jest Snapshot v1, https://goo.gl/fbAQLP

exports[`Layout Layout should correctly renders markup 1`] = `
<section
  className="makeStyles-section-1"
>
  <div
    className="makeStyles-progressContainer-29"
    style={
      Object {
        "opacity": 1,
        "transition": "opacity 200ms linear",
      }
    }
  >
    <div
      className="makeStyles-progressBar-28"
      style={
        Object {
          "marginLeft": "0%",
          "transition": "margin-left 200ms linear",
        }
      }
    >
      <div
        className="makeStyles-progressBackground-30"
      />
    </div>
  </div>
  <header
    className="MuiPaper-root MuiAppBar-root MuiAppBar-positionFixed MuiAppBar-colorPrimary makeStyles-appBar-5 mui-fixed MuiPaper-elevation4"
  >
    <section
      className="makeStyles-section-6"
    >
      <div
        className="makeStyles-logoContainer-7"
      >
        <a
          href="/"
          onClick={[Function]}
        >
          <div
            className="makeStyles-logoWrapper-8"
          >
            <img
              alt="Instagram"
              className="makeStyles-logo-9"
              src="logo.png"
            />
          </div>
        </a>
      </div>
      <div
        className="makeStyles-linksContainer-11"
      >
        <div
          className="makeStyles-linksWrapper-12"
        >
          <a
            href="/"
            onClick={[Function]}
          >
            <svg
              aria-label="Home"
              className="_8-yf5"
              fill="#262626"
              height={22}
              viewBox="0 0 48 48"
              width={22}
            >
              <path
                d="M45.5 48H30.1c-.8 0-1.5-.7-1.5-1.5V34.2c0-2.6-2.1-4.6-4.6-4.6s-4.6 2.1-4.6 4.6v12.3c0 .8-.7 1.5-1.5 1.5H2.5c-.8 0-1.5-.7-1.5-1.5V23c0-.4.2-.8.4-1.1L22.9.4c.6-.6 1.6-.6 2.1 0l21.5 21.5c.3.3.4.7.4 1.1v23.5c.1.8-.6 1.5-1.4 1.5z"
              />
            </svg>
          </a>
          <button
            className="MuiButtonBase-root MuiButton-root MuiButton-contained MuiButton-containedPrimary MuiButton-fullWidth"
            disabled={false}
            onBlur={[Function]}
            onClick={[Function]}
            onDragLeave={[Function]}
            onFocus={[Function]}
            onKeyDown={[Function]}
            onKeyUp={[Function]}
            onMouseDown={[Function]}
            onMouseLeave={[Function]}
            onMouseUp={[Function]}
            onTouchEnd={[Function]}
            onTouchMove={[Function]}
            onTouchStart={[Function]}
            tabIndex={0}
            type="button"
          >
            <span
              className="MuiButton-label"
            >
              Login
            </span>
            <span
              className="MuiTouchRipple-root"
            />
          </button>
        </div>
      </div>
    </section>
  </header>
  <main
    className="makeStyles-main-2"
    style={
      Object {
        "marginTop": 60,
      }
    }
  >
    <section
      className="makeStyles-childrenWrapper-3"
    >
      <div
        className="makeStyles-children-4"
      >
        <h2>
          Mock Component
        </h2>
      </div>
    </section>
  </main>
</section>
`;
