// Jest Snapshot v1, https://goo.gl/fbAQLP

exports[`PostSkeleton PostSkeleton should correctly renders markup 1`] = `
<PostSkeleton>
  <div
    className="makeStyles-container-1"
    style={
      Object {
        "gridTemplateColumns": false,
      }
    }
  >
    <div
      className="makeStyles-mediaSkeleton-7"
    />
    <div>
      <div
        className="makeStyles-headerSkeleton-2"
      >
        <div
          className="makeStyles-avatarSkeleton-3"
        />
        <div
          className="makeStyles-headerTextSkeleton-4"
        >
          <div
            className="makeStyles-primaryTextSkeleton-5"
          />
          <div
            className="makeStyles-secondaryTextSkeleton-6"
          />
        </div>
      </div>
    </div>
  </div>
</PostSkeleton>
`;
